create extension if not exists pg_masking;
\echo

select hello();
 hello 
-------
 hello
(1 row)

